// Jest Snapshot v1, https://goo.gl/fbAQLP

exports[`App snapshot renders correctly 1`] = `
<div
  className="h-100"
>
  <Header />
  <div
    className="jumbotron mb-0"
  >
    <div
      className="container"
    >
      <div>
        <Switch>
          <PrivateRoute
            component={
              Object {
                "$$typeof": Symbol(react.memo),
                "WrappedComponent": [Function],
                "compare": null,
                "displayName": "Connect(Product)",
                "type": [Function],
              }
            }
            exact={true}
            path="/product/:id"
          />
          <PrivateRoute
            component={
              Object {
                "$$typeof": Symbol(react.memo),
                "WrappedComponent": [Function],
                "compare": null,
                "displayName": "Connect(DeleteProduct)",
                "type": [Function],
              }
            }
            exact={true}
            path="/deleteProduct"
          />
          <PrivateRoute
            component={
              Object {
                "$$typeof": Symbol(react.memo),
                "WrappedComponent": [Function],
                "compare": null,
                "displayName": "Connect(DeleteProduct)",
                "type": [Function],
              }
            }
            exact={true}
            path="/deleteProduct/:id"
          />
          <PrivateRoute
            component={
              Object {
                "$$typeof": Symbol(react.memo),
                "WrappedComponent": [Function],
                "compare": null,
                "displayName": "Connect(AddPage)",
                "type": [Function],
              }
            }
            exact={true}
            path="/addProduct"
          />
          <PrivateRoute
            component={
              Object {
                "$$typeof": Symbol(react.memo),
                "WrappedComponent": [Function],
                "compare": null,
                "displayName": "Connect(EditPage)",
                "type": [Function],
              }
            }
            exact={true}
            path="/updateProduct"
          />
          <PrivateRoute
            component={
              Object {
                "$$typeof": Symbol(react.memo),
                "WrappedComponent": [Function],
                "compare": null,
                "displayName": "Connect(EditPage)",
                "type": [Function],
              }
            }
            exact={true}
            path="/updateProduct/:id"
          />
          <PrivateRoute
            component={
              Object {
                "$$typeof": Symbol(react.memo),
                "WrappedComponent": [Function],
                "compare": null,
                "displayName": "Connect(UserDetail)",
                "type": [Function],
              }
            }
            exact={true}
            path="/userDetails"
          />
          <Route
            component={
              Object {
                "$$typeof": Symbol(react.memo),
                "WrappedComponent": [Function],
                "compare": null,
                "displayName": "Connect(Home)",
                "type": [Function],
              }
            }
            exact={true}
            path="/"
          />
          <Route
            component={
              Object {
                "$$typeof": Symbol(react.memo),
                "WrappedComponent": [Function],
                "compare": null,
                "displayName": "Connect(LoginPage)",
                "type": [Function],
              }
            }
            exact={true}
            path="/login"
          />
          <Route
            component={
              Object {
                "$$typeof": Symbol(react.memo),
                "WrappedComponent": [Function],
                "compare": null,
                "displayName": "Connect(Register)",
                "type": [Function],
              }
            }
            exact={true}
            path="/register"
          />
          <Route
            component={[Function]}
            exact={true}
            path="/about"
          />
          <Redirect
            from="*"
            to="/login"
          />
        </Switch>
        <br />
      </div>
    </div>
  </div>
  <Footer />
</div>
`;
